user/CaptainYS/ground/alert.dat user/CaptainYS/ground/alert.srf user/CaptainYS/ground/alert.srf
user/CaptainYS/ground/aspam.dat user/CaptainYS/ground/aspam.srf user/CaptainYS/ground/aspam.srf
user/CaptainYS/ground/atsugi_tower.dat user/CaptainYS/ground/atsugi_tower.srf user/CaptainYS/ground/atsugi_tower.srf
user/CaptainYS/ground/bigben.dat user/CaptainYS/ground/bigben.srf user/CaptainYS/ground/bigben.srf "" user/CaptainYS/ground/bigben.srf
user/CaptainYS/ground/box1000x1000x1000.dat user/CaptainYS/ground/box1000x1000x1000.srf user/CaptainYS/ground/box1000x1000x1000.srf
user/CaptainYS/ground/build01.dat user/CaptainYS/ground/build01.srf user/CaptainYS/ground/build01.srf
user/CaptainYS/ground/build11.dat user/CaptainYS/ground/build11.srf user/CaptainYS/ground/build11_coarse.srf "" user/CaptainYS/ground/build11_coarse.srf
user/CaptainYS/ground/castle.dat user/CaptainYS/ground/castle.srf user/CaptainYS/ground/castle.srf
user/CaptainYS/ground/cave_base_coll.dat user/CaptainYS/ground/cave_base_coll.srf user/CaptainYS/ground/cave_base_coll.srf
user/CaptainYS/ground/cieling1.dat user/CaptainYS/ground/cieling1.srf user/CaptainYS/ground/cieling1.srf
user/CaptainYS/ground/elephant.dat user/CaptainYS/ground/elephant.srf user/CaptainYS/ground/elephant.srf "" user/CaptainYS/ground/elephant_coarse.srf
user/CaptainYS/ground/floatingbase1.dat user/CaptainYS/ground/floatingbase1.srf user/CaptainYS/ground/floatingbase1_coll.srf
user/CaptainYS/ground/floatingbase2.dat user/CaptainYS/ground/floatingbase2.srf user/CaptainYS/ground/floatingbase2.srf
user/CaptainYS/ground/fueltruck.dat user/CaptainYS/ground/fueltruck.srf user/CaptainYS/ground/fueltruck_coll.srf user/CaptainYS/ground/fueltruck_cockpit.srf
user/CaptainYS/ground/fueltruck_white.dat user/CaptainYS/ground/fueltruck_white.srf user/CaptainYS/ground/fueltruck_white_coll.srf user/CaptainYS/ground/fueltruck_cockpit.srf
user/CaptainYS/ground/groundtarget1.dat user/CaptainYS/ground/groundtarget1.srf user/CaptainYS/ground/groundtarget1.srf
user/CaptainYS/ground/groundtarget2.dat user/CaptainYS/ground/groundtarget2.srf user/CaptainYS/ground/groundtarget2.srf
user/CaptainYS/ground/hangar1.dat user/CaptainYS/ground/hangar1.srf user/CaptainYS/ground/hangar1.srf "" user/CaptainYS/ground/hangar1_coarse.srf
user/CaptainYS/ground/hangar3.dat user/CaptainYS/ground/hangar3.srf user/CaptainYS/ground/hangar3.srf "" user/CaptainYS/ground/hangar3_coarse.srf
user/CaptainYS/ground/hanger.dat user/CaptainYS/ground/hanger.srf user/CaptainYS/ground/hanger.srf "" user/CaptainYS/ground/hanger_coarse.srf
user/CaptainYS/ground/hanger1.dat user/CaptainYS/ground/hanger1.srf user/CaptainYS/ground/hanger1.srf "" user/CaptainYS/ground/hangar1_coarse.srf
user/CaptainYS/ground/hanger4.dat user/CaptainYS/ground/hanger4.srf user/CaptainYS/ground/hanger4.srf
user/CaptainYS/ground/hg01.dat user/CaptainYS/ground/hg01.srf user/CaptainYS/ground/hg01.srf "" user/CaptainYS/ground/hg01_coarse.srf
user/CaptainYS/ground/hg02.dat user/CaptainYS/ground/hg02.srf user/CaptainYS/ground/hg02.srf "" user/CaptainYS/ground/hg02_coarse.srf
user/CaptainYS/ground/hg03.dat user/CaptainYS/ground/hg03.srf user/CaptainYS/ground/hg03.srf "" user/CaptainYS/ground/hg03_coarse.srf
user/CaptainYS/ground/hg04.dat user/CaptainYS/ground/hg04.srf user/CaptainYS/ground/hg04.srf "" user/CaptainYS/ground/hg04_coarse.srf
user/CaptainYS/ground/hg05.dat user/CaptainYS/ground/hg05.srf user/CaptainYS/ground/hg05.srf "" user/CaptainYS/ground/hg05_coarse.srf
user/CaptainYS/ground/hg06.dat user/CaptainYS/ground/hg06.srf user/CaptainYS/ground/hg06.srf "" user/CaptainYS/ground/hg06_coarse.srf
user/CaptainYS/ground/hg07.dat user/CaptainYS/ground/hg07.srf user/CaptainYS/ground/hg07.srf "" user/CaptainYS/ground/hg07_coarse.srf
user/CaptainYS/ground/londontower.dat user/CaptainYS/ground/londontower.srf user/CaptainYS/ground/londontower.srf "" user/CaptainYS/ground/londontower.srf
user/CaptainYS/ground/papi_left.dat user/CaptainYS/ground/papi_left.dnm user/CaptainYS/ground/papi_coll.srf "" user/CaptainYS/ground/papi_left_coarse.dnm
user/CaptainYS/ground/papi_right.dat user/CaptainYS/ground/papi_right.dnm user/CaptainYS/ground/papi_coll.srf "" user/CaptainYS/ground/papi_right_coarse.dnm
user/CaptainYS/ground/palace.dat user/CaptainYS/ground/palace.srf user/CaptainYS/ground/palace.srf "" user/CaptainYS/ground/palace.srf
user/CaptainYS/ground/sfc.dat user/CaptainYS/ground/sfc.srf user/CaptainYS/ground/sfc.srf
user/CaptainYS/ground/sfc_alpha.dat user/CaptainYS/ground/sfc_alpha.srf user/CaptainYS/ground/sfc_alpha.srf
user/CaptainYS/ground/sfc_club.dat user/CaptainYS/ground/sfc_club.srf user/CaptainYS/ground/sfc_club.srf
user/CaptainYS/ground/sfc_gamma.dat user/CaptainYS/ground/sfc_gamma.srf user/CaptainYS/ground/sfc_gamma.srf "" user/CaptainYS/ground/sfc_gamma_coarse.srf
user/CaptainYS/ground/sfc_lambda.dat user/CaptainYS/ground/sfc_lambda.srf user/CaptainYS/ground/sfc_lambda.srf
user/CaptainYS/ground/sfc_media.dat user/CaptainYS/ground/sfc_media.srf user/CaptainYS/ground/sfc_media.srf
user/CaptainYS/ground/sfc_o1.dat user/CaptainYS/ground/sfc_o1.srf user/CaptainYS/ground/sfc_o1.srf
user/CaptainYS/ground/sfc_o2.dat user/CaptainYS/ground/sfc_o2.srf user/CaptainYS/ground/sfc_o2.srf
user/CaptainYS/ground/sfc_omega.dat user/CaptainYS/ground/sfc_omega.srf user/CaptainYS/ground/sfc_omega.srf
user/CaptainYS/ground/sfc_sigma.dat user/CaptainYS/ground/sfc_sigma.srf user/CaptainYS/ground/sfc_sigma.srf
user/CaptainYS/ground/sfc_tau.dat user/CaptainYS/ground/sfc_tau.srf user/CaptainYS/ground/sfc_tau.srf
user/CaptainYS/ground/shop.dat user/CaptainYS/ground/shop.srf user/CaptainYS/ground/shop.srf
user/CaptainYS/ground/shopping1.dat user/CaptainYS/ground/shopping1.srf user/CaptainYS/ground/shopping1.srf
user/CaptainYS/ground/shopping2.dat user/CaptainYS/ground/shopping2.srf user/CaptainYS/ground/shopping2.srf
user/CaptainYS/ground/station.dat user/CaptainYS/ground/station.srf user/CaptainYS/ground/station.srf
user/CaptainYS/ground/terminal.dat user/CaptainYS/ground/terminal.srf user/CaptainYS/ground/terminal.srf
user/CaptainYS/ground/terminal_short.dat user/CaptainYS/ground/terminal_short.srf user/CaptainYS/ground/terminal_short.srf
user/CaptainYS/ground/tower.dat user/CaptainYS/ground/tower.srf user/CaptainYS/ground/tower.srf
user/CaptainYS/ground/tower1.dat user/CaptainYS/ground/tower1.srf user/CaptainYS/ground/tower1.srf
user/CaptainYS/ground/tower2.dat user/CaptainYS/ground/tower2.srf user/CaptainYS/ground/tower2.srf
user/CaptainYS/ground/tower3.dat user/CaptainYS/ground/tower3.srf user/CaptainYS/ground/tower3.srf
user/CaptainYS/ground/tracker.dat user/CaptainYS/ground/tracker.dnm user/CaptainYS/ground/tracker_coll.srf
user/CaptainYS/ground/bridge1.dat user/CaptainYS/ground/bridge1.srf user/CaptainYS/ground/bridge1_coll.srf "" user/CaptainYS/ground/bridge1_coarse.srf
user/CaptainYS/ground/bridge2.dat user/CaptainYS/ground/bridge2.srf user/CaptainYS/ground/bridge2_coll.srf "" user/CaptainYS/ground/bridge2_coarse.srf
user/CaptainYS/ground/bridge3.dat user/CaptainYS/ground/bridge3.srf user/CaptainYS/ground/bridge3_coll.srf "" user/CaptainYS/ground/bridge3_coarse.srf
user/CaptainYS/ground/hangar2.dat user/CaptainYS/ground/hangar2.srf user/CaptainYS/ground/hangar2.srf
user/CaptainYS/ground/aaa.dat user/CaptainYS/ground/aaa.dnm user/CaptainYS/ground/aaacoll.srf "" user/CaptainYS/ground/aaa_coarse.dnm
user/CaptainYS/ground/sam.dat user/CaptainYS/ground/sam.dnm user/CaptainYS/ground/sambase.srf "" user/CaptainYS/ground/sam_coarse.dnm
user/CaptainYS/ground/carrier.dat user/CaptainYS/ground/carrier_visual.dnm user/CaptainYS/ground/carrier_coll.srf
user/CaptainYS/ground/invincible.dat user/CaptainYS/ground/invincible.srf user/CaptainYS/ground/invincible_coll.srf "" user/CaptainYS/ground/invincible_coarse.srf
user/CaptainYS/ground/burke.dat user/CaptainYS/ground/burke.dnm user/CaptainYS/ground/burke_coll.srf "" user/CaptainYS/ground/burke_coarse.srf
user/CaptainYS/ground/udaloy.dat user/CaptainYS/ground/udaloy.dnm user/CaptainYS/ground/udaloy_coll.srf "" user/CaptainYS/ground/udaloy_coarse.srf
user/CaptainYS/ground/containership-l.dat user/CaptainYS/ground/containership-l.srf user/CaptainYS/ground/containership-l.srf "" user/CaptainYS/ground/containership-l.srf
user/CaptainYS/ground/pirate.dat user/CaptainYS/ground/pirate.srf user/CaptainYS/ground/pirate.srf "" user/CaptainYS/ground/pirate.srf
user/CaptainYS/ground/ils.dat user/CaptainYS/ground/ils_visual.srf user/CaptainYS/ground/ils_coll.srf
user/CaptainYS/ground/test.dat user/CaptainYS/ground/test.srf user/CaptainYS/ground/test.srf
user/CaptainYS/ground/tree1.dat user/CaptainYS/ground/tree1.srf user/CaptainYS/ground/tree1.srf
user/CaptainYS/ground/tree2.dat user/CaptainYS/ground/tree2.srf user/CaptainYS/ground/tree2.srf
user/CaptainYS/ground/trees_200m_10m.dat user/CaptainYS/ground/trees_200m_10m_80_vis.srf user/CaptainYS/ground/trees_200m_10m_80_coll.srf
user/CaptainYS/ground/trees_400m_20m.dat user/CaptainYS/ground/trees_400m_20m_80_vis.srf user/CaptainYS/ground/trees_400m_20m_80_coll.srf
user/CaptainYS/ground/tunnel1.dat user/CaptainYS/ground/tunnel1.srf user/CaptainYS/ground/tunnel1.srf
user/CaptainYS/ground/tunnel2.dat user/CaptainYS/ground/tunnel2.srf user/CaptainYS/ground/tunnel2.srf
user/CaptainYS/ground/tunnel3.dat user/CaptainYS/ground/tunnel3.srf user/CaptainYS/ground/tunnel3.srf
user/CaptainYS/ground/tunnel4.dat user/CaptainYS/ground/tunnel4.srf user/CaptainYS/ground/tunnel4.srf
user/CaptainYS/ground/tunnel5.dat user/CaptainYS/ground/tunnel5.srf user/CaptainYS/ground/tunnel5.srf
user/CaptainYS/ground/build15.dat user/CaptainYS/ground/build15.srf user/CaptainYS/ground/build15_coarse.srf user/CaptainYS/ground/build15_coarse.srf
user/CaptainYS/ground/build10w.dat user/CaptainYS/ground/build10w.srf user/CaptainYS/ground/build10w.srf user/CaptainYS/ground/build10w.srf
user/CaptainYS/ground/build30.dat user/CaptainYS/ground/build30.srf user/CaptainYS/ground/build30.srf
user/CaptainYS/ground/build60.dat user/CaptainYS/ground/build60.srf user/CaptainYS/ground/build60.srf
user/CaptainYS/ground/build90.dat user/CaptainYS/ground/build90.srf user/CaptainYS/ground/build90.srf
user/CaptainYS/ground/cave_base.dat user/CaptainYS/ground/cave_base.srf user/CaptainYS/ground/cave_base_coll.srf
user/CaptainYS/ground/island_base.dat user/CaptainYS/ground/island_base.srf user/CaptainYS/ground/island_base.srf
user/CaptainYS/ground/pwrplant.dat user/CaptainYS/ground/pwrplant.srf user/CaptainYS/ground/pwrplant_coll.srf
user/CaptainYS/ground/reactor.dat user/CaptainYS/ground/reactor.srf user/CaptainYS/ground/reactor.srf
user/CaptainYS/ground/plant.dat user/CaptainYS/ground/plant.srf user/CaptainYS/ground/plant_coll.srf
user/CaptainYS/ground/m1a1.dat user/CaptainYS/ground/m1a1.dnm user/CaptainYS/ground/m1a1coll.srf "" user/CaptainYS/ground/m1a1_coarse.dnm
user/CaptainYS/ground/m60.dat user/CaptainYS/ground/m60.dnm user/CaptainYS/ground/m60coll.srf "" user/CaptainYS/ground/m60_coarse.dnm
user/CaptainYS/ground/t80.dat user/CaptainYS/ground/t80.dnm user/CaptainYS/ground/t80coll.srf "" user/CaptainYS/ground/t80_coarse.dnm
user/CaptainYS/ground/t64.dat user/CaptainYS/ground/t64.dnm user/CaptainYS/ground/t64coll.srf "" user/CaptainYS/ground/t64_coarse.dnm
user/CaptainYS/ground/radar.dat user/CaptainYS/ground/radar.srf user/CaptainYS/ground/radar_coll.srf "" user/CaptainYS/ground/radar_coarse.srf
user/CaptainYS/ground/radarbase.dat user/CaptainYS/ground/radarbase.srf user/CaptainYS/ground/radarbase.srf "" user/CaptainYS/ground/radarbase_coarse.srf
user/CaptainYS/ground/wall1.dat user/CaptainYS/ground/wall1.srf user/CaptainYS/ground/wall1.srf
user/CaptainYS/ground/windmillbase.dat user/CaptainYS/ground/windmillbase.srf user/CaptainYS/ground/windmillbase.srf
user/CaptainYS/ground/windmillblade.dat user/CaptainYS/ground/windmillblade.srf user/CaptainYS/ground/windmillblade.srf
user/CaptainYS/ground/truck.dat user/CaptainYS/ground/truck.srf user/CaptainYS/ground/truck.srf "" user/CaptainYS/ground/truck_coarse.srf
user/CaptainYS/ground/bus_1.dat user/CaptainYS/ground/bus_1.srf user/CaptainYS/ground/bus_1.srf "" user/CaptainYS/ground/bus_1_coarse.srf
user/CaptainYS/ground/vasi.dat user/CaptainYS/ground/vasi.dnm user/CaptainYS/ground/vasi_coll.srf "" user/CaptainYS/ground/vasi_coarse.dnm
user/CaptainYS/ground/vor.dat user/CaptainYS/ground/vor.srf user/CaptainYS/ground/vor_coarse.srf "" user/CaptainYS/ground/vor_coarse.srf
user/CaptainYS/ground/vordme.dat user/CaptainYS/ground/vor.srf user/CaptainYS/ground/vor_coarse.srf "" user/CaptainYS/ground/vor_coarse.srf
user/CaptainYS/ground/ndb.dat user/CaptainYS/ground/ndb.srf user/CaptainYS/ground/ndb.srf "" user/CaptainYS/ground/ndb.srf
user/CaptainYS/ground/gateguard_concorde.dat user/CaptainYS/ground/gateguard_concorde.srf user/CaptainYS/ground/gateguard_concorde_coll.srf "" user/CaptainYS/ground/gateguard_concorde.srf 
user/CaptainYS/ground/jeep.dat user/CaptainYS/ground/jeep.dnm user/CaptainYS/ground/jeep_coll.srf user/CaptainYS/ground/jeep_cabin.srf user/CaptainYS/ground/jeep_coarse.dnm
user/CaptainYS/ground/elvrw1000x60.dat user/CaptainYS/ground/elvrw1000x60.srf user/CaptainYS/ground/elvrw1000x60_coll.srf "" user/CaptainYS/ground/elvrw1000x60_coll.srf
user/CaptainYS/ground/gepard.dat user/CaptainYS/ground/gepard.dnm user/CaptainYS/ground/gepard_coll.srf "" user/CaptainYS/ground/gepard_coarse.dnm
user/CaptainYS/ground/fixed_checkpoint_500ft.dat user/CaptainYS/ground/fixed_checkpoint_500ft.dnm user/CaptainYS/ground/fixed_checkpoint_500ft.srf
