user/CaptainYS/aircraft/a4.dat user/CaptainYS/aircraft/a4f.dnm user/CaptainYS/aircraft/a4coll.srf user/CaptainYS/aircraft/a4cockpit.srf user/CaptainYS/aircraft/a4fcoarse.dnm

user/CaptainYS/aircraft/a6.dat user/CaptainYS/aircraft/a6.dnm user/CaptainYS/aircraft/a6coll.srf user/CaptainYS/aircraft/a6cockpit.srf user/CaptainYS/aircraft/a6coarse.dnm

user/CaptainYS/aircraft/a6m5.dat user/CaptainYS/aircraft/a6m5.dnm user/CaptainYS/aircraft/a6m5_coll.srf user/CaptainYS/aircraft/a6m5_cockpit.srf user/CaptainYS/aircraft/a6m5_coarse.dnm

user/CaptainYS/aircraft/a10.dat user/CaptainYS/aircraft/a10.dnm user/CaptainYS/aircraft/a10coll.srf user/CaptainYS/aircraft/a10cockpit.srf user/CaptainYS/aircraft/a10coarse.dnm

user/CaptainYS/aircraft/ah1.dat user/CaptainYS/aircraft/ah1.dnm user/CaptainYS/aircraft/ah1coll.srf user/CaptainYS/aircraft/ah1cockpit.srf

user/CaptainYS/aircraft/ah64.dat user/CaptainYS/aircraft/ah64.dnm user/CaptainYS/aircraft/ah64coll.srf user/CaptainYS/aircraft/ah64cockpit.srf

user/CaptainYS/aircraft/a300.dat user/CaptainYS/aircraft/a300.dnm user/CaptainYS/aircraft/a300coll.srf user/CaptainYS/aircraft/a300cockpit.srf

user/CaptainYS/aircraft/a320.dat user/CaptainYS/aircraft/a320.dnm user/CaptainYS/aircraft/a320coll.srf user/CaptainYS/aircraft/a320cockpit.srf

user/CaptainYS/aircraft/alphajet.dat user/CaptainYS/aircraft/alphajet.dnm user/CaptainYS/aircraft/alphajet_coll.srf user/CaptainYS/aircraft/alphajet_cockpit.srf user/CaptainYS/aircraft/alphajet_coarse.dnm

user/CaptainYS/aircraft/amx.dat user/CaptainYS/aircraft/amx.dnm user/CaptainYS/aircraft/amx_coll.srf user/CaptainYS/aircraft/amx_cockpit.srf user/CaptainYS/aircraft/amx_coarse.dnm

user/CaptainYS/aircraft/av8b.dat user/CaptainYS/aircraft/av8b.dnm user/CaptainYS/aircraft/av8b_coll.srf user/CaptainYS/aircraft/av8b_cockpit.srf user/CaptainYS/aircraft/av8b_coarse.dnm

user/CaptainYS/aircraft/b2.dat user/CaptainYS/aircraft/b2.dnm user/CaptainYS/aircraft/b2coll.srf user/CaptainYS/aircraft/b2cockpit.srf user/CaptainYS/aircraft/b2_coarse.dnm

user/CaptainYS/aircraft/b29.dat user/CaptainYS/aircraft/b29.dnm user/CaptainYS/aircraft/b29_coll.srf user/CaptainYS/aircraft/b29_cockpit.srf user/CaptainYS/aircraft/b29_coarse.dnm

user/CaptainYS/aircraft/b52.dat user/CaptainYS/aircraft/b52.dnm user/CaptainYS/aircraft/b52coll.srf user/CaptainYS/aircraft/b52cockpit.srf user/CaptainYS/aircraft/b52_coarse.dnm

user/CaptainYS/aircraft/b737.dat user/CaptainYS/aircraft/b737.dnm user/CaptainYS/aircraft/b737coll.srf user/CaptainYS/aircraft/b737cockpit.srf

user/CaptainYS/aircraft/b747.dat user/CaptainYS/aircraft/b747.dnm user/CaptainYS/aircraft/b747coll.srf user/CaptainYS/aircraft/b747cockpit.srf user/CaptainYS/aircraft/b747coarse.dnm

user/CaptainYS/aircraft/b767.dat user/CaptainYS/aircraft/b767.dnm user/CaptainYS/aircraft/b767coll.srf user/CaptainYS/aircraft/b767cockpit.srf user/CaptainYS/aircraft/b767_coarse.dnm

user/CaptainYS/aircraft/b777.dat user/CaptainYS/aircraft/b777.dnm user/CaptainYS/aircraft/b777coll.srf user/CaptainYS/aircraft/b777cockpit.srf user/CaptainYS/aircraft/b777coarse.dnm

user/CaptainYS/aircraft/cessna172r.dat user/CaptainYS/aircraft/cessna172r.dnm user/CaptainYS/aircraft/cessna172_collision.srf user/CaptainYS/aircraft/cessna172_cockpit.srf

user/CaptainYS/aircraft/c130.dat user/CaptainYS/aircraft/c130.dnm user/CaptainYS/aircraft/c130coll.srf user/CaptainYS/aircraft/c130cockpit.srf user/CaptainYS/aircraft/c130_coarse.dnm

user/CaptainYS/aircraft/concorde.dat user/CaptainYS/aircraft/concorde.dnm user/CaptainYS/aircraft/concordecoll.srf user/CaptainYS/aircraft/concordecockpit.srf user/CaptainYS/aircraft/concorde_coarse.dnm

user/CaptainYS/aircraft/draken.dat user/CaptainYS/aircraft/draken.dnm user/CaptainYS/aircraft/draken_coll.srf user/CaptainYS/aircraft/draken_cockpit.srf user/CaptainYS/aircraft/draken_coarse.dnm

user/CaptainYS/aircraft/ea6b.dat user/CaptainYS/aircraft/ea6b.dnm user/CaptainYS/aircraft/ea6bcoll.srf user/CaptainYS/aircraft/ea6bcockpit.srf user/CaptainYS/aircraft/ea6bcoarse.dnm

user/CaptainYS/aircraft/eclipse.dat user/CaptainYS/aircraft/eclipse.dnm user/CaptainYS/aircraft/eclipse_coll.srf user/CaptainYS/aircraft/eclipse_cockpit.srf

user/CaptainYS/aircraft/eurofighter.dat user/CaptainYS/aircraft/eurofighter.dnm user/CaptainYS/aircraft/eurofighter_coll.srf user/CaptainYS/aircraft/eurofighter_cockpit.srf user/CaptainYS/aircraft/eurofighter_coarse.dnm

user/CaptainYS/aircraft/e2c.dat user/CaptainYS/aircraft/e2c.dnm user/CaptainYS/aircraft/e2ccoll.srf user/CaptainYS/aircraft/e2ccockpit.srf

user/CaptainYS/aircraft/f1.dat user/CaptainYS/aircraft/f1.dnm user/CaptainYS/aircraft/f1t2coll.srf user/CaptainYS/aircraft/t2cockpit.srf

user/CaptainYS/aircraft/f2.dat user/CaptainYS/aircraft/f2.dnm user/CaptainYS/aircraft/f2coll.srf user/CaptainYS/aircraft/f2cockpit.srf

user/CaptainYS/aircraft/f4ej.dat user/CaptainYS/aircraft/f4ej.dnm user/CaptainYS/aircraft/f4coll.srf user/CaptainYS/aircraft/f4cockpit.srf user/CaptainYS/aircraft/f4ej_coarse.dnm

user/CaptainYS/aircraft/f4e.dat user/CaptainYS/aircraft/f4.dnm user/CaptainYS/aircraft/f4coll.srf user/CaptainYS/aircraft/f4cockpit.srf user/CaptainYS/aircraft/f4_coarse.dnm

user/CaptainYS/aircraft/f5.dat user/CaptainYS/aircraft/f5.dnm user/CaptainYS/aircraft/f5coll.srf user/CaptainYS/aircraft/f5cockpit.srf

user/CaptainYS/aircraft/f14.dat user/CaptainYS/aircraft/f14.dnm user/CaptainYS/aircraft/f14coll.srf user/CaptainYS/aircraft/f14cockpit.srf

user/CaptainYS/aircraft/f15.dat user/CaptainYS/aircraft/f15.dnm user/CaptainYS/aircraft/f15coll.srf user/CaptainYS/aircraft/f15cockpit.srf user/CaptainYS/aircraft/f15coarse.dnm

user/CaptainYS/aircraft/f15d.dat user/CaptainYS/aircraft/f15d.dnm user/CaptainYS/aircraft/f15coll.srf user/CaptainYS/aircraft/f15dcockpit.srf user/CaptainYS/aircraft/f15dcoarse.dnm

user/CaptainYS/aircraft/f15dj.dat user/CaptainYS/aircraft/f15dj.dnm user/CaptainYS/aircraft/f15coll.srf user/CaptainYS/aircraft/f15dcockpit.srf user/CaptainYS/aircraft/f15jcoarse.dnm

user/CaptainYS/aircraft/f15dj_madara.dat user/CaptainYS/aircraft/f15dj_madara.dnm user/CaptainYS/aircraft/f15coll.srf user/CaptainYS/aircraft/f15dcockpit.srf user/CaptainYS/aircraft/f15djmadaracoarse.dnm

user/CaptainYS/aircraft/f15dj_chairo.dat user/CaptainYS/aircraft/f15dj_chairo.dnm user/CaptainYS/aircraft/f15coll.srf user/CaptainYS/aircraft/f15dcockpit.srf user/CaptainYS/aircraft/f15djchairocoarse.dnm

user/CaptainYS/aircraft/f15dj_kuro.dat user/CaptainYS/aircraft/f15dj_kuro.dnm user/CaptainYS/aircraft/f15coll.srf user/CaptainYS/aircraft/f15dcockpit.srf user/CaptainYS/aircraft/f15djkurocoarse.dnm

user/CaptainYS/aircraft/f15dj_midori.dat user/CaptainYS/aircraft/f15dj_midori.dnm user/CaptainYS/aircraft/f15coll.srf user/CaptainYS/aircraft/f15dcockpit.srf user/CaptainYS/aircraft/f15djmidoricoarse.dnm

user/CaptainYS/aircraft/f15dj_nakaao.dat user/CaptainYS/aircraft/f15dj_nakaao.dnm user/CaptainYS/aircraft/f15coll.srf user/CaptainYS/aircraft/f15dcockpit.srf user/CaptainYS/aircraft/f15djnakaaocoarse.dnm

user/CaptainYS/aircraft/f15dj_sotoao.dat user/CaptainYS/aircraft/f15dj_sotoao.dnm user/CaptainYS/aircraft/f15coll.srf user/CaptainYS/aircraft/f15dcockpit.srf user/CaptainYS/aircraft/f15djsotoaocoarse.dnm

user/CaptainYS/aircraft/f15dj_sotomidori.dat user/CaptainYS/aircraft/f15dj_sotomidori.dnm user/CaptainYS/aircraft/f15coll.srf user/CaptainYS/aircraft/f15dcockpit.srf user/CaptainYS/aircraft/f15djsotomidoricoarse.dnm

user/CaptainYS/aircraft/f15j.dat user/CaptainYS/aircraft/f15j.dnm user/CaptainYS/aircraft/f15coll.srf user/CaptainYS/aircraft/f15cockpit.srf user/CaptainYS/aircraft/f15jcoarse.dnm

user/CaptainYS/aircraft/f16.dat user/CaptainYS/aircraft/f16.dnm user/CaptainYS/aircraft/f16coll.srf user/CaptainYS/aircraft/f16cockpit.srf user/CaptainYS/aircraft/f16_coarse.dnm

user/CaptainYS/aircraft/thunder.dat user/CaptainYS/aircraft/thunder.dnm user/CaptainYS/aircraft/f16coll.srf user/CaptainYS/aircraft/f16cockpit.srf user/CaptainYS/aircraft/thunder_coarse.dnm

user/CaptainYS/aircraft/f18.dat user/CaptainYS/aircraft/f18.dnm user/CaptainYS/aircraft/f18coll.srf user/CaptainYS/aircraft/f18cockpit.srf user/CaptainYS/aircraft/f18_coarse.dnm

user/CaptainYS/aircraft/f18e.dat user/CaptainYS/aircraft/f18e.dnm user/CaptainYS/aircraft/f18e_coll.srf user/CaptainYS/aircraft/f18e_cockpit.srf user/CaptainYS/aircraft/f18e_coarse.dnm

user/CaptainYS/aircraft/angels.dat user/CaptainYS/aircraft/angels.dnm user/CaptainYS/aircraft/f18coll.srf user/CaptainYS/aircraft/f18cockpit.srf user/CaptainYS/aircraft/angels_coarse.dnm

user/CaptainYS/aircraft/f22.dat user/CaptainYS/aircraft/f22.dnm user/CaptainYS/aircraft/f22coll.srf user/CaptainYS/aircraft/f22cockpit.srf user/CaptainYS/aircraft/f22_coarse.dnm

user/CaptainYS/aircraft/f86blue.dat user/CaptainYS/aircraft/f86blue.dnm user/CaptainYS/aircraft/f86coll.srf user/CaptainYS/aircraft/f86cockpit.srf

user/CaptainYS/aircraft/f100d.dat user/CaptainYS/aircraft/f100d.dnm user/CaptainYS/aircraft/f100d_coll.srf user/CaptainYS/aircraft/f100d_cockpit.srf user/CaptainYS/aircraft/f100d_coarse.dnm

user/CaptainYS/aircraft/f104.dat user/CaptainYS/aircraft/f104.dnm user/CaptainYS/aircraft/f104coll.srf user/CaptainYS/aircraft/f104cockpit.srf

user/CaptainYS/aircraft/f117a.dat user/CaptainYS/aircraft/f117a.dnm user/CaptainYS/aircraft/f117acoll.srf user/CaptainYS/aircraft/f117cockpit.srf user/CaptainYS/aircraft/f117acoarse.dnm

user/CaptainYS/aircraft/fw190.dat user/CaptainYS/aircraft/fw190.dnm user/CaptainYS/aircraft/fw190_coll.srf user/CaptainYS/aircraft/fw190_cockpit.srf user/CaptainYS/aircraft/fw190_coarse.dnm

user/CaptainYS/aircraft/gripen.dat user/CaptainYS/aircraft/gripen.dnm user/CaptainYS/aircraft/gripen_coll.srf user/CaptainYS/aircraft/gripen_cockpit.srf user/CaptainYS/aircraft/gripen_coarse.dnm

user/CaptainYS/aircraft/g4m.dat user/CaptainYS/aircraft/g4m.dnm user/CaptainYS/aircraft/g4m_coll.srf user/CaptainYS/aircraft/g4m_cockpit.srf user/CaptainYS/aircraft/g4m_coarse.dnm

user/CaptainYS/aircraft/hawk.dat user/CaptainYS/aircraft/hawk.dnm user/CaptainYS/aircraft/hawk_coll.srf user/CaptainYS/aircraft/hawk_cockpit.srf user/CaptainYS/aircraft/hawk_coarse.dnm

user/CaptainYS/aircraft/hurricane.dat user/CaptainYS/aircraft/hurricane.dnm user/CaptainYS/aircraft/hurricane_coll.srf user/CaptainYS/aircraft/hurricane_cockpit.srf user/CaptainYS/aircraft/hurricane_coarse.dnm

user/CaptainYS/aircraft/redarrows.dat user/CaptainYS/aircraft/redarrows.dnm user/CaptainYS/aircraft/hawk_coll.srf user/CaptainYS/aircraft/hawk_cockpit.srf user/CaptainYS/aircraft/redarrows_coarse.dnm

user/CaptainYS/aircraft/kfir.dat user/CaptainYS/aircraft/kfir.dnm user/CaptainYS/aircraft/kfircoll.srf user/CaptainYS/aircraft/kfircockpit.srf

user/CaptainYS/aircraft/lancaster.dat user/CaptainYS/aircraft/lancaster.dnm user/CaptainYS/aircraft/lancaster_coll.srf user/CaptainYS/aircraft/lancaster_cockpit.srf user/CaptainYS/aircraft/lancaster_coarse.dnm

user/CaptainYS/aircraft/mu2.dat user/CaptainYS/aircraft/mu2.dnm user/CaptainYS/aircraft/mu2coll.srf user/CaptainYS/aircraft/mu2cockpit.srf

user/CaptainYS/aircraft/mig15.dat user/CaptainYS/aircraft/mig15.dnm user/CaptainYS/aircraft/mig15_coll.srf user/CaptainYS/aircraft/mig15_cockpit.srf user/CaptainYS/aircraft/mig15_coarse.dnm

user/CaptainYS/aircraft/mig21.dat user/CaptainYS/aircraft/mig21.dnm user/CaptainYS/aircraft/mig21coll.srf user/CaptainYS/aircraft/mig21cockpit.srf user/CaptainYS/aircraft/mig21_coarse.dnm

user/CaptainYS/aircraft/mig23.dat user/CaptainYS/aircraft/mig23.dnm user/CaptainYS/aircraft/mig23coll.srf user/CaptainYS/aircraft/mig23cockpit.srf

user/CaptainYS/aircraft/mig29.dat user/CaptainYS/aircraft/mig29.dnm user/CaptainYS/aircraft/mig29coll.srf user/CaptainYS/aircraft/mig29cockpit.srf user/CaptainYS/aircraft/mig29_coarse.dnm

user/CaptainYS/aircraft/mrg2000.dat user/CaptainYS/aircraft/mrg2000.dnm user/CaptainYS/aircraft/mrg2000coll.srf user/CaptainYS/aircraft/mrg2000cockpit.srf user/CaptainYS/aircraft/mrg2000_coarse.dnm

user/CaptainYS/aircraft/p51.dat user/CaptainYS/aircraft/p51.dnm user/CaptainYS/aircraft/p51coll.srf user/CaptainYS/aircraft/p51cockpit.srf user/CaptainYS/aircraft/p51coarse.dnm

user/CaptainYS/aircraft/archer.dat user/CaptainYS/aircraft/archer.dnm user/CaptainYS/aircraft/archer_coll.srf user/CaptainYS/aircraft/archer_cockpit.srf

user/CaptainYS/aircraft/rafale.dat user/CaptainYS/aircraft/rafale.dnm user/CaptainYS/aircraft/rafalecoll.srf user/CaptainYS/aircraft/rafalecockpit.srf user/CaptainYS/aircraft/rafale_coarse.dnm

user/CaptainYS/aircraft/s3.dat user/CaptainYS/aircraft/s3.dnm user/CaptainYS/aircraft/s3coll.srf user/CaptainYS/aircraft/s3cockpit.srf

user/CaptainYS/aircraft/spitfire.dat user/CaptainYS/aircraft/spitfire.dnm user/CaptainYS/aircraft/spitfire_coll.srf user/CaptainYS/aircraft/spitfire_cockpit.srf user/CaptainYS/aircraft/spitfire_coarse.dnm

user/CaptainYS/aircraft/su22.dat user/CaptainYS/aircraft/su22.dnm user/CaptainYS/aircraft/su22coll.srf user/CaptainYS/aircraft/su22cockpit.srf user/CaptainYS/aircraft/su22coarse.dnm

user/CaptainYS/aircraft/su24.dat user/CaptainYS/aircraft/su24.dnm user/CaptainYS/aircraft/su24coll.srf user/CaptainYS/aircraft/su24cockpit.srf user/CaptainYS/aircraft/su24coarse.dnm

user/CaptainYS/aircraft/su25.dat user/CaptainYS/aircraft/su25.dnm user/CaptainYS/aircraft/su25coll.srf user/CaptainYS/aircraft/su25cockpit.srf user/CaptainYS/aircraft/su25coarse.dnm

user/CaptainYS/aircraft/su27.dat user/CaptainYS/aircraft/su27.dnm user/CaptainYS/aircraft/su27coll.srf user/CaptainYS/aircraft/su27cockpit.srf user/CaptainYS/aircraft/su27coarse.dnm

user/CaptainYS/aircraft/t2blue.dat user/CaptainYS/aircraft/t2blue.dnm user/CaptainYS/aircraft/f1t2coll.srf user/CaptainYS/aircraft/t2cockpit.srf user/CaptainYS/aircraft/t2bluecoarse.dnm

user/CaptainYS/aircraft/t4blue.dat user/CaptainYS/aircraft/t4blue.dnm user/CaptainYS/aircraft/t4coll.srf user/CaptainYS/aircraft/t4cockpit.srf user/CaptainYS/aircraft/t4blue_coarse.dnm

user/CaptainYS/aircraft/t400.dat user/CaptainYS/aircraft/t400.dnm user/CaptainYS/aircraft/t400coll.srf user/CaptainYS/aircraft/t400cockpit.srf

user/CaptainYS/aircraft/tornado.dat user/CaptainYS/aircraft/tornado.dnm user/CaptainYS/aircraft/tornadocoll.srf user/CaptainYS/aircraft/tornadocockpit.srf

user/CaptainYS/aircraft/tu160.dat user/CaptainYS/aircraft/tu160.dnm user/CaptainYS/aircraft/tu160coll.srf user/CaptainYS/aircraft/tu160cockpit.srf

user/CaptainYS/aircraft/u125.dat user/CaptainYS/aircraft/u125.dnm user/CaptainYS/aircraft/u125coll.srf user/CaptainYS/aircraft/u125cockpit.srf

user/CaptainYS/aircraft/u125a.dat user/CaptainYS/aircraft/u125a.dnm user/CaptainYS/aircraft/u125coll.srf user/CaptainYS/aircraft/u125cockpit.srf

user/CaptainYS/aircraft/uh60.dat user/CaptainYS/aircraft/uh60.dnm user/CaptainYS/aircraft/uh60coll.srf user/CaptainYS/aircraft/uh60cockpit.srf

user/CaptainYS/aircraft/uh60j.dat user/CaptainYS/aircraft/uh60j.dnm user/CaptainYS/aircraft/uh60coll.srf user/CaptainYS/aircraft/uh60cockpit.srf

user/CaptainYS/aircraft/v107.dat user/CaptainYS/aircraft/v107.dnm user/CaptainYS/aircraft/v107coll.srf user/CaptainYS/aircraft/v107cockpit.srf

user/CaptainYS/aircraft/viggen.dat user/CaptainYS/aircraft/viggen.dnm user/CaptainYS/aircraft/viggencoll.srf user/CaptainYS/aircraft/viggencockpit.srf

user/CaptainYS/aircraft/ys11.dat user/CaptainYS/aircraft/ys11.dnm user/CaptainYS/aircraft/ys11coll.srf user/CaptainYS/aircraft/ys11cockpit.srf
